mode: set
base_demo/split.go:5.45,8.13 3 1
base_demo/split.go:13.2,14.8 2 1
base_demo/split.go:8.13,12.3 3 1
